<html>
<body>
<pre>
<h1>µVision Build Log</h1>
<h2>Tool Versions:</h2>
IDE-Version: µVision V5.24.2.0
Copyright (C) 2017 ARM Ltd and ARM Germany GmbH. All rights reserved.
License Information: none none, none, LIC=S5IBS-L5LKA-SDXK4-FHI6L-XERBA-GIHDU
 
Tool Versions:
Toolchain:       MDK-ARM Professional  Version: 5.24.1
Toolchain Path:  F:\Program\Keil_v5\ARM\ARMCC\Bin
C Compiler:      Armcc.exe V5.06 update 5 (build 528)
Assembler:       Armasm.exe V5.06 update 5 (build 528)
Linker/Locator:  ArmLink.exe V5.06 update 5 (build 528)
Library Manager: ArmAr.exe V5.06 update 5 (build 528)
Hex Converter:   FromElf.exe V5.06 update 5 (build 528)
CPU DLL:         SARMCM3.DLL V5.24.1
Dialog DLL:      DCM.DLL V1.16.0.0
Target DLL:      UL2CM3.DLL V1.160.3.0
Dialog DLL:      TCM.DLL V1.32.0.0
 
<h2>Project:</h2>
F:\project\MCU\prg1.uvproj
Project File Date:  05/14/2018

<h2>Output:</h2>
*** Using Compiler 'V5.06 update 5 (build 528)', folder: 'F:\Program\Keil_v5\ARM\ARMCC\Bin'
Rebuild target 'EK-PP-0815-12-03'
assembling startup_stm32f429_439xx.s...
creating preprocessor file for system_stm32f4xx.c...
compiling system_stm32f4xx.c...
STARTUP\system_stm32f4xx.c(378): warning:  #223-D: function "GPIO_Config" declared implicitly
        GPIO_Config();
STARTUP\system_stm32f4xx.c: 1 warning, 0 errors
creating preprocessor file for GPIO_EK_PP_0815_12_03.c...
compiling GPIO_EK_PP_0815_12_03.c...
creating preprocessor file for main.c...
compiling main.c...
SOURCE\main.c(55): warning:  #167-D: argument of type "int *" is incompatible with parameter of type "uint32_t *"
        ReadRTC(
otWaitClock,&
vPrms.RTC_Date,&
vPrms.RTC_Time );
SOURCE\main.c(55): warning:  #167-D: argument of type "int *" is incompatible with parameter of type "uint32_t *"
        ReadRTC(
otWaitClock,&
vPrms.RTC_Date,&
vPrms.RTC_Time );
SOURCE\main.c(67): warning:  #177-D: variable "i"  was declared but never referenced
                         int i;
SOURCE\main.c: 3 warnings, 0 errors
creating preprocessor file for Metro.c...
compiling Metro.c...
SOURCE\Metro.c(138): warning:  #177-D: variable "i"  was declared but never referenced
  int i;
SOURCE\Metro.c(275): warning:  #177-D: variable "SUNotFlt"  was declared but never referenced
  short SUNotFlt;
SOURCE\Metro.c(426): warning:  #177-D: variable "In"  was declared but never referenced
  static int  In[6] = {0,0,0,0,0,0};
SOURCE\Metro.c(427): warning:  #177-D: variable "In0"  was declared but never referenced
  static int  In0[6] = {0,0,0,0,0,0};
SOURCE\Metro.c(428): warning:  #177-D: variable "dIn"  was declared but never referenced
  static int dIn[6] = {0,0,0,0,0,0};
SOURCE\Metro.c(429): warning:  #177-D: variable "cIn"  was declared but never referenced
  static int cIn[6] = {0,0,0,0,0,0};    
SOURCE\Metro.c(437): warning:  #177-D: variable "RefdI"  was declared but never referenced
  int RefdI;
SOURCE\Metro.c(438): warning:  #177-D: variable "RefdIt"  was declared but never referenced
  int RefdIt;
SOURCE\Metro.c(1529): warning:  #177-D: variable "i"  was declared but never referenced
  int i;
SOURCE\Metro.c(1567): warning:  #167-D: argument of type "int *" is incompatible with parameter of type "uint32_t *"
        ReadRTC(
otWaitClock,&
vPrms.RTC_Date,&
vPrms.RTC_Time);        
SOURCE\Metro.c(1567): warning:  #167-D: argument of type "int *" is incompatible with parameter of type "uint32_t *"
        ReadRTC(
otWaitClock,&
vPrms.RTC_Date,&
vPrms.RTC_Time);        
SOURCE\Metro.c(47): warning:  #177-D: function "CAN_Message"  was declared but never referenced
  static __inline void CAN_Message(int Cycle) {                 /* Физический обмен по CAN                                                              */
SOURCE\Metro.c(96): warning:  #177-D: function "CheckCANCmnd"  was declared but never referenced
  static __inline void CheckCANCmnd(void) {                                     /* Включение по CAN и автоподхват                                       */
SOURCE\Metro.c(120): warning:  #177-D: function "Blink"  was declared but never referenced
  static __inline  int Blink(int PeriodOn, int PeriodOff, int *Counter, int *Out) {
SOURCE\Metro.c(206): warning:  #177-D: function "AnalyzeUgol"  was declared but never referenced
  static __inline  int AnalyzeUgol() {                                                  /* Анализируем угол     */
SOURCE\Metro.c(222): warning:  #177-D: function "AnalyzeUgol2"  was declared but never referenced
  static __inline  int AnalyzeUgol2(int NewUgol) {      /* Анализируем угол     */
SOURCE\Metro.c(785): warning:  #177-D: function "ChangeMode2"  was declared but never referenced
  static __inline void ChangeMode2(void) {                                      /* Включение / отключен мостов на ходу   */
SOURCE\Metro.c(968): warning:  #177-D: function "StandBy"  was declared but never referenced
  static __inline void StandBy(void) {
SOURCE\Metro.c(989): warning:  #177-D: function "DiodeMode"  was declared but never referenced
  static __inline void DiodeMode(void) {
SOURCE\Metro.c(1024): warning:  #177-D: function "CalcGamma"  was declared but never referenced
  static __inline       void CalcGamma(int Phase, int AMP, int ARR, TIM_TypeDef *TIM) {
SOURCE\Metro.c(1084): warning:  #177-D: function "CalcGamma2"  was declared but never referenced
  static __inline       void CalcGamma2(int Phase, int AMP, int ARR, TIM_TypeDef *TIM) {
SOURCE\Metro.c(1237): warning:  #177-D: function "CalcGamma4"  was declared but never referenced
  static __inline       void CalcGamma4(float Phase, int AMP, int ARR, TIM_TypeDef *TIM) {
SOURCE\Metro.c(1330): warning:  #177-D: function "CalcUgol3"  was declared but never referenced
  static __inline  int CalcUgol3() {                                                            /* Расчет текущей фазы напряжения                                       */
SOURCE\Metro.c(1468): warning:  #177-D: function "APV"  was declared but never referenced
  static __inline void APV(void) {
SOURCE\Metro.c(1501): warning:  #177-D: function "ResChannel"  was declared but never referenced
  static __inline void ResChannel(void) {
SOURCE\Metro.c(1508): warning:  #177-D: function "IGBTStatus"  was declared but never referenced
  static __inline void IGBTStatus(int DigIn, int *Status) {
SOURCE\Metro.c: 26 warnings, 0 errors
creating preprocessor file for StdFunc.c...
compiling StdFunc.c...
creating preprocessor file for Menu.c...
compiling Menu.c...
SOURCE\Menu.c(85): warning:  #177-D: variable "i"  was declared but never referenced
  int i = 0;
SOURCE\Menu.c(88): warning:  #177-D: variable "Repeat"  was declared but never referenced
  int Repeat = 0;       
SOURCE\Menu.c(303): warning:  #111-D: statement is unreachable
                        case 0: {return;} break;
SOURCE\Menu.c(403): warning:  #111-D: statement is unreachable
                        case 0: {return;} break;
SOURCE\Menu.c(439): warning:  #111-D: statement is unreachable
                        case 0: {return;} break;
SOURCE\Menu.c(472): warning:  #111-D: statement is unreachable
                        case 0: {return;} break;
SOURCE\Menu.c(509): warning:  #111-D: statement is unreachable
                        case 0: {return;} break;
SOURCE\Menu.c(576): warning:  #111-D: statement is unreachable
                        case 0: {return;} break;
SOURCE\Menu.c(601): warning:  #111-D: statement is unreachable
                        case 0: {return;} break;
SOURCE\Menu.c(628): warning:  #111-D: statement is unreachable
                        case 0: {return;} break;
SOURCE\Menu.c(677): warning:  #111-D: statement is unreachable
                        case 0: {return;} break;
SOURCE\Menu.c(756): warning:  #167-D: argument of type "char *" is incompatible with parameter of type "unsigned char *"
        lcdout(0,22,Str); lcdouttextl(22, Metro.RMSData * 0.1f, 1, Str2);
SOURCE\Menu.c(756): warning:  #167-D: argument of type "char *" is incompatible with parameter of type "unsigned char *"
        lcdout(0,22,Str); lcdouttextl(22, Metro.RMSData * 0.1f, 1, Str2);
SOURCE\Menu.c(754): warning:  #177-D: variable "Temp2"  was declared but never referenced
  int Temp2;     
SOURCE\Menu.c(866): warning:  #223-D: function "SetUartSpeed" declared implicitly
                                                                                SetUartSpeed(Port, NewPrms.AllParams);
SOURCE\Menu.c(928): warning:  #111-D: statement is unreachable
                        case 0: { return; } break;
SOURCE\Menu.c: 16 warnings, 0 errors
creating preprocessor file for Protocol.c...
compiling Protocol.c...
SOURCE\Protocol.c(63): warning:  #111-D: statement is unreachable
          case 0x03: return Modbus03(RxCount, RxBuffer, TxBuffer, (unsigned short *)&
rgData, sizeof(
rgData)); break;
SOURCE\Protocol.c(64): warning:  #111-D: statement is unreachable
                case 0x04: return Modbus04ExtMem(RxCount, RxBuffer, TxBuffer, (uint16_t *)&
xtMem16[0], sizeof(
xtMem16)); break;
SOURCE\Protocol.c(65): warning:  #111-D: statement is unreachable
                case 0x06: return Modbus06(RxCount, RxBuffer, TxBuffer, (unsigned short *)&
rgData, sizeof(
rgData)); break;
SOURCE\Protocol.c(66): warning:  #111-D: statement is unreachable
                case 0x08: return Modbus08(RxCount, RxBuffer, TxBuffer, (unsigned short *)&
rgData, sizeof(
rgData)); break;
SOURCE\Protocol.c(67): warning:  #111-D: statement is unreachable
                case 0x10: return Modbus16(RxCount, RxBuffer, TxBuffer, (unsigned short *)&
rgData, sizeof(
rgData)); break;
SOURCE\Protocol.c(73): warning:  #177-D: variable "Prms"  was declared but never referenced
  union UsartPrms_union Prms;
SOURCE\Protocol.c(86): warning:  #177-D: variable "Prms"  was declared but never referenced
  union UsartPrms_union Prms;
SOURCE\Protocol.c: 7 warnings, 0 errors
creating preprocessor file for Termodat.c...
compiling Termodat.c...
SOURCE\Termodat.c(166): warning:  #940-D: missing return statement at end of non-void function "RecieveTermodat" 
  }
SOURCE\Termodat.c: 1 warning, 0 errors
creating preprocessor file for Oscil.c...
compiling Oscil.c...
PERIPH\Oscil.c(46): warning:  #177-D: variable "fname"  was declared but never referenced
        char *fname = "\test\test.txt";
PERIPH\Oscil.c(244): warning:  #186-D: pointless comparison of unsigned integer with zero
    if ((OscilConfig->OscilHistoryPercent < 0) || (OscilConfig->OscilHistoryPercent > 100)) {return 3;}
PERIPH\Oscil.c: 2 warnings, 0 errors
creating preprocessor file for pult.c...
compiling pult.c...
PERIPH\pult.c(172): warning:  #167-D: argument of type "unsigned char *" is incompatible with parameter of type "char *restrict"
                _snprintf(&SendPultBuff[3],33," : %2.2x/%2.2x/%4.4x   B: %2.2x:%2.2x:%2.2x.%1.1u   ",\
PERIPH\pult.c(167): warning:  #177-D: variable "pos"  was declared but never referenced
  int pos = 3;
PERIPH\pult.c(188): warning:  #167-D: argument of type "unsigned char *" is incompatible with parameter of type "char *restrict"
                _snprintf(&SendPultBuff[3],33," : %2.2x/%2.2x/%4.4x   B: %2.2x:%2.2x:%2.2x.%3.3u   ",\
PERIPH\pult.c(183): warning:  #177-D: variable "pos"  was declared but never referenced
  int pos = 3;
PERIPH\pult.c(205): warning:  #167-D: argument of type "char *" is incompatible with parameter of type "unsigned char *"
                lcdout(0,16,ItemsSTR);
PERIPH\pult.c(217): warning:  #167-D: argument of type "char *" is incompatible with parameter of type "unsigned char *"
                lcdout(16,16,ItemsSTR + (Pos << 4));
PERIPH\pult.c(251): warning:  #167-D: argument of type "char *" is incompatible with parameter of type "unsigned char *"
        lcdout(0,16,Header);
PERIPH\pult.c(264): warning:  #111-D: statement is unreachable
                        case K_Enter:   {ChangePrms.Change &= ~(1ul << ChangePrms.Param); return (ChangePrms.Param + 1);} break;
PERIPH\pult.c(282): warning:  #167-D: argument of type "char *" is incompatible with parameter of type "unsigned char *"
                lcdout(16,16,Strs + (ChangePrms.Param << 4));
PERIPH\pult.c(285): warning:  #167-D: argument of type "char *" is incompatible with parameter of type "unsigned char *"
                        lcdouttextl(ChangePrms.PosVal[ChangePrms.Param],ChangePrms.Value[ChangePrms.Param],ChangePrms.PrecVal[ChangePrms.Param],ChangePrms.StrVal[ChangePrms.Param]);
PERIPH\pult.c(312): warning:  #167-D: argument of type "char *" is incompatible with parameter of type "unsigned char *"
                lcdout( 0,16,request);
PERIPH\pult.c: 11 warnings, 0 errors
creating preprocessor file for usart.c...
compiling usart.c...
PERIPH\usart.c(380): warning:  #550-D: variable "Temp"  was set but never used
  int Temp;     
PERIPH\usart.c(430): warning:  #550-D: variable "Temp"  was set but never used
  int Temp;     
PERIPH\usart.c(481): warning:  #550-D: variable "Temp"  was set but never used
  int Temp;     
PERIPH\usart.c(531): warning:  #550-D: variable "Temp"  was set but never used
  int Temp;     
PERIPH\usart.c(581): warning:  #550-D: variable "Temp"  was set but never used
  int Temp;     
PERIPH\usart.c(630): warning:  #550-D: variable "Temp"  was set but never used
  int Temp;     
PERIPH\usart.c(694): warning:  #111-D: statement is unreachable
                                                } break;
PERIPH\usart.c(708): warning:  #111-D: statement is unreachable
                                                } break;
PERIPH\usart.c(722): warning:  #111-D: statement is unreachable
                                                } break;
PERIPH\usart.c(740): warning:  #111-D: statement is unreachable
                                                } break;
PERIPH\usart.c(758): warning:  #111-D: statement is unreachable
                                                } break;
PERIPH\usart.c: 11 warnings, 0 errors
creating preprocessor file for rtc.c...
compiling rtc.c...
creating preprocessor file for IntADC.c...
compiling IntADC.c...
creating preprocessor file for Extmemadc.c...
compiling Extmemadc.c...
creating preprocessor file for fram.c...
compiling fram.c...
PERIPH\fram.c(51): warning:  #550-D: variable "Temp"  was set but never used
  int Temp;
PERIPH\fram.c(117): warning:  #550-D: variable "Temp"  was set but never used
  int Temp;
PERIPH\fram.c: 2 warnings, 0 errors
creating preprocessor file for mcan.c...
compiling mcan.c...
linking...
Program Size: Code=45680 RO-data=3408 RW-data=1236 ZI-data=2123844  
FromELF: creating hex file...
".\EXEC\EKPP_0815_03_Rev1.axf" - 0 Error(s), 80 Warning(s).
Build Time Elapsed:  00:00:21
</pre>
</body>
</html>
